// Jest Snapshot v1, https://jestjs.io/docs/snapshot-testing

exports[`Portfolio page matches snapshot 1`] = `
<div>
  <div
    class="py-4"
  >
    <div
      class="animate-fade-in"
    >
      <h1
        class="heading1 center"
      >
        Portfolio
      </h1>
    </div>
    <div
      class="mt-4 flex flex-row flex-wrap gap-8 justify-center"
    >
      <div
        class="animate-fade-in-scale animate-delay-200"
      >
        <a
          href="/portfolio/empire-cbs"
        >
          <div
            class="perspectiveContainer"
          >
            <div
              aria-label="Empire CBS project"
              class="portfolioCard"
              role="article"
              style="background-image: url("https://pct-frontend-assets.s3.ap-southeast-2.amazonaws.com/portfolio/empire-cbs/empire-cbs.png"); background-size: cover; transform: rotateX(0deg) rotateY(0deg);"
            >
              <div
                class="absolute bottom-0 p-2 text-gray-200"
                style="z-index: 10;"
              >
                <div
                  class="flex items-center gap-2"
                >
                  <div
                    class="text-sm font-bold"
                  >
                    Empire CBS
                  </div>
                  <div
                    class="text-xs text-gray-300"
                  >
                    (
                    2020-2021
                    )
                  </div>
                </div>
                <div
                  class="text-xs"
                >
                  Empire CBS internal job management system
                </div>
              </div>
            </div>
          </div>
        </a>
      </div>
      <div
        class="animate-fade-in-scale animate-delay-300"
      >
        <a
          href="/portfolio/pteplus"
        >
          <div
            class="perspectiveContainer"
          >
            <div
              aria-label="PTEPLUS project"
              class="portfolioCard"
              role="article"
              style="background-image: url("https://pct-frontend-assets.s3.ap-southeast-2.amazonaws.com/portfolio/pteplus/pteplus.jpg"); background-size: cover; transform: rotateX(0deg) rotateY(0deg);"
            >
              <div
                class="absolute bottom-0 p-2 text-gray-200"
                style="z-index: 10;"
              >
                <div
                  class="flex items-center gap-2"
                >
                  <div
                    class="text-sm font-bold"
                  >
                    PTEPLUS
                  </div>
                  <div
                    class="text-xs text-gray-300"
                  >
                    (
                    2016-2019
                    )
                  </div>
                </div>
                <div
                  class="text-xs"
                >
                  PTEPLUS provides a user friendly UI and accurate machine scoring for PTE test taker
                </div>
              </div>
            </div>
          </div>
        </a>
      </div>
      <div
        class="animate-fade-in-scale animate-delay-400"
      >
        <a
          href="/portfolio/pinhr"
        >
          <div
            class="perspectiveContainer"
          >
            <div
              aria-label="PinHR project"
              class="portfolioCard"
              role="article"
              style="background-image: url("https://pct-frontend-assets.s3.ap-southeast-2.amazonaws.com/portfolio/pinhr/cover.jpg"); background-size: cover; transform: rotateX(0deg) rotateY(0deg);"
            >
              <div
                class="absolute bottom-0 p-2 text-gray-200"
                style="z-index: 10;"
              >
                <div
                  class="flex items-center gap-2"
                >
                  <div
                    class="text-sm font-bold"
                  >
                    PinHR
                  </div>
                  <div
                    class="text-xs text-gray-300"
                  >
                    (
                    2018
                    )
                  </div>
                </div>
                <div
                  class="text-xs"
                >
                  A customised human resources management tool
                </div>
              </div>
            </div>
          </div>
        </a>
      </div>
      <div
        class="animate-fade-in-scale animate-delay-500"
      >
        <a
          href="/portfolio/vatgc"
        >
          <div
            class="perspectiveContainer"
          >
            <div
              aria-label="VAGTC project"
              class="portfolioCard"
              role="article"
              style="background-image: url("https://pct-frontend-assets.s3.ap-southeast-2.amazonaws.com/portfolio/vagtc/vagtc.png"); background-size: cover; transform: rotateX(0deg) rotateY(0deg);"
            >
              <div
                class="absolute bottom-0 p-2 text-gray-200"
                style="z-index: 10;"
              >
                <div
                  class="flex items-center gap-2"
                >
                  <div
                    class="text-sm font-bold"
                  >
                    VAGTC
                  </div>
                  <div
                    class="text-xs text-gray-300"
                  >
                    (
                    2015
                    )
                  </div>
                </div>
                <div
                  class="text-xs"
                >
                  The final year project in the university
                </div>
              </div>
            </div>
          </div>
        </a>
      </div>
      <div
        class="animate-fade-in-scale animate-delay-600"
      >
        <a
          href="/portfolio/qce-eduplus"
        >
          <div
            class="perspectiveContainer"
          >
            <div
              aria-label="QCE Eduplus project"
              class="portfolioCard"
              role="article"
              style="background-image: url("https://pct-frontend-assets.s3.ap-southeast-2.amazonaws.com/portfolio/qce-eduplus/cover.jpg"); background-size: cover; transform: rotateX(0deg) rotateY(0deg);"
            >
              <div
                class="absolute bottom-0 p-2 text-gray-200"
                style="z-index: 10;"
              >
                <div
                  class="flex items-center gap-2"
                >
                  <div
                    class="text-sm font-bold"
                  >
                    QCE Eduplus
                  </div>
                  <div
                    class="text-xs text-gray-300"
                  >
                    (
                    2019-2020
                    )
                  </div>
                </div>
                <div
                  class="text-xs"
                >
                  Maths practice platform partners with Cengage for Queensland secondary schools
                </div>
              </div>
            </div>
          </div>
        </a>
      </div>
      <div
        class="animate-fade-in-scale animate-delay-700"
      >
        <a
          href="/portfolio/rhfoto"
        >
          <div
            class="perspectiveContainer"
          >
            <div
              aria-label="RH.foto project"
              class="portfolioCard"
              role="article"
              style="background-image: url("https://pct-frontend-assets.s3.ap-southeast-2.amazonaws.com/portfolio/rhfoto/rhfoto.png"); background-size: cover; transform: rotateX(0deg) rotateY(0deg);"
            >
              <div
                class="absolute bottom-0 p-2 text-gray-200"
                style="z-index: 10;"
              >
                <div
                  class="flex items-center gap-2"
                >
                  <div
                    class="text-sm font-bold"
                  >
                    RH.foto
                  </div>
                  <div
                    class="text-xs text-gray-300"
                  >
                    (
                    2017
                    )
                  </div>
                </div>
                <div
                  class="text-xs"
                >
                  A simplistic and clean photo wall for a group of professional photographers
                </div>
              </div>
            </div>
          </div>
        </a>
      </div>
    </div>
  </div>
</div>
`;
