// Jest Snapshot v1, https://jestjs.io/docs/snapshot-testing

exports[`Portfolio page should render the portfolio page 1`] = `
<div>
  <div
    class="py-4"
  >
    <div
      class="animate-fade-in"
    >
      <h1
        class="heading1 center"
      >
        Portfolio
      </h1>
    </div>
    <div
      class="mt-4 flex flex-row flex-wrap gap-8 justify-center"
    >
      <div
        class="animate-fade-in-scale animate-delay-200"
      >
        <a
          href="/portfolio/test-portfolio-1"
        >
          <div
            class="perspectiveContainer"
          >
            <div
              aria-label="Test Portfolio 1 project"
              class="portfolioCard"
              role="article"
              style="background-image: url("undefined"); background-size: cover; transform: rotateX(0deg) rotateY(0deg);"
            >
              <div
                class="absolute bottom-0 p-2 text-gray-200"
                style="z-index: 10;"
              >
                <div
                  class="text-sm font-bold"
                >
                  Test Portfolio 1
                </div>
                <div
                  class="text-xs"
                >
                  Test Description 1
                </div>
              </div>
            </div>
          </div>
        </a>
      </div>
      <div
        class="animate-fade-in-scale animate-delay-300"
      >
        <a
          href="/portfolio/test-portfolio-2"
        >
          <div
            class="perspectiveContainer"
          >
            <div
              aria-label="Test Portfolio 2 project"
              class="portfolioCard"
              role="article"
              style="background-image: url("undefined"); background-size: cover; transform: rotateX(0deg) rotateY(0deg);"
            >
              <div
                class="absolute bottom-0 p-2 text-gray-200"
                style="z-index: 10;"
              >
                <div
                  class="text-sm font-bold"
                >
                  Test Portfolio 2
                </div>
                <div
                  class="text-xs"
                >
                  Test Description 2
                </div>
              </div>
            </div>
          </div>
        </a>
      </div>
    </div>
  </div>
</div>
`;
