// Jest Snapshot v1, https://goo.gl/fbAQLP

exports[`test home page ensure snapshot is correct 1`] = `
<div>
  <main
    class="h-screen flex flex-col items-center justify-center mx-auto gap-8 page-container"
  >
    <div
      class="max-w-full"
      style="width: 192px; height: 192px;"
    >
      <img
        alt="Ping Cheng"
        data-nimg="1"
        decoding="async"
        height="192"
        loading="lazy"
        src="/_next/image?url=https%3A%2F%2Favatars0.githubusercontent.com%2Fu%2F8447539&w=384&q=75"
        srcset="/_next/image?url=https%3A%2F%2Favatars0.githubusercontent.com%2Fu%2F8447539&w=256&q=75 1x, /_next/image?url=https%3A%2F%2Favatars0.githubusercontent.com%2Fu%2F8447539&w=384&q=75 2x"
        style="color: transparent; border-radius: 50%;"
        width="192"
      />
    </div>
    <div
      class="description"
    >
      <h1>
        Hi! It is 
        <span
          class="text-primary"
        >
          Ping Cheng
        </span>
         
        here.
      </h1>
      <p>
        I am a high passionate
         
        <span
          class="text-primary"
        >
          software engineer
        </span>
        , enjoy the latest techs and bring them into reality.
      </p>
      <p>
        Focusing on
         
        <span
          class="text-primary"
        >
          Node/TS/JS, Java, PHP, Linux, Server management
        </span>
        , etc...
      </p>
    </div>
    <div
      class="flex flex-wrap content-around text-lg justify-center"
    >
      <a
        class="socialLink"
        href="https://github.com/pingcheng"
        rel="noopener"
        target="_blank"
      >
        <svg
          fill="none"
          height="1em"
          stroke="currentColor"
          stroke-linecap="round"
          stroke-linejoin="round"
          stroke-width="2"
          viewBox="0 0 24 24"
          width="1em"
          xmlns="http://www.w3.org/2000/svg"
        >
          <path
            d="M9 19c-5 1.5-5-2.5-7-3m14 6v-3.87a3.37 3.37 0 0 0-.94-2.61c3.14-.35 6.44-1.54 6.44-7A5.44 5.44 0 0 0 20 4.77 5.07 5.07 0 0 0 19.91 1S18.73.65 16 2.48a13.38 13.38 0 0 0-7 0C6.27.65 5.09 1 5.09 1A5.07 5.07 0 0 0 5 4.77a5.44 5.44 0 0 0-1.5 3.78c0 5.42 3.3 6.61 6.44 7A3.37 3.37 0 0 0 9 18.13V22"
          />
        </svg>
         
        Github
      </a>
      <a
        class="socialLink"
        href="https://www.linkedin.com/in/ping-cheng-5a47b484"
        rel="noopener"
        target="_blank"
      >
        <svg
          fill="currentColor"
          height="1em"
          stroke="currentColor"
          stroke-width="0"
          viewBox="0 0 512 512"
          width="1em"
          xmlns="http://www.w3.org/2000/svg"
        >
          <path
            d="M444.17 32H70.28C49.85 32 32 46.7 32 66.89v374.72C32 461.91 49.85 480 70.28 480h373.78c20.54 0 35.94-18.21 35.94-38.39V66.89C480.12 46.7 464.6 32 444.17 32zm-273.3 373.43h-64.18V205.88h64.18zM141 175.54h-.46c-20.54 0-33.84-15.29-33.84-34.43 0-19.49 13.65-34.42 34.65-34.42s33.85 14.82 34.31 34.42c-.01 19.14-13.31 34.43-34.66 34.43zm264.43 229.89h-64.18V296.32c0-26.14-9.34-44-32.56-44-17.74 0-28.24 12-32.91 23.69-1.75 4.2-2.22 9.92-2.22 15.76v113.66h-64.18V205.88h64.18v27.77c9.34-13.3 23.93-32.44 57.88-32.44 42.13 0 74 27.77 74 87.64z"
          />
        </svg>
         
        LinkedIn
      </a>
      <a
        class="socialLink"
        href="/portfolio"
      >
        <svg
          fill="currentColor"
          height="1em"
          stroke="currentColor"
          stroke-width="0"
          viewBox="0 0 16 16"
          width="1em"
          xmlns="http://www.w3.org/2000/svg"
        >
          <path
            d="M0 13a1.5 1.5 0 0 0 1.5 1.5h13A1.5 1.5 0 0 0 16 13V6a1.5 1.5 0 0 0-1.5-1.5h-13A1.5 1.5 0 0 0 0 6v7zM2 3a.5.5 0 0 0 .5.5h11a.5.5 0 0 0 0-1h-11A.5.5 0 0 0 2 3zm2-2a.5.5 0 0 0 .5.5h7a.5.5 0 0 0 0-1h-7A.5.5 0 0 0 4 1z"
          />
        </svg>
         
        Portfolio
      </a>
      <a
        class="socialLink"
        href="/about"
      >
        <svg
          fill="none"
          height="1em"
          stroke="currentColor"
          stroke-linecap="round"
          stroke-linejoin="round"
          stroke-width="2"
          viewBox="0 0 24 24"
          width="1em"
          xmlns="http://www.w3.org/2000/svg"
        >
          <circle
            cx="12"
            cy="12"
            r="10"
          />
          <path
            d="M8 14s1.5 2 4 2 4-2 4-2"
          />
          <line
            x1="9"
            x2="9.01"
            y1="9"
            y2="9"
          />
          <line
            x1="15"
            x2="15.01"
            y1="9"
            y2="9"
          />
        </svg>
         
        About
      </a>
    </div>
  </main>
</div>
`;
