// Jest Snapshot v1, https://jestjs.io/docs/snapshot-testing

exports[`FixedWidthLayout should match snapshot 1`] = `
<div>
  <div
    data-testid="navbar"
  >
    NavBar Component
  </div>
  <div
    class="page-container pt-2"
  >
    <div
      data-testid="child-content"
    >
      Test Content
    </div>
  </div>
  <div
    data-testid="footer"
  >
    Footer Component
  </div>
</div>
`;
